// Jest Snapshot v1, https://goo.gl/fbAQLP

exports[`test Input Component should render Input component 1`] = `
Array [
  <RCTSafeAreaView
    emulateUnlessSupported={true}
    style={
      Object {
        "backgroundColor": "#ffffff",
        "flex": 0,
      }
    }
  />,
  <RCTSafeAreaView
    emulateUnlessSupported={true}
    style={
      Object {
        "backgroundColor": "#ffffff",
        "flex": 1,
      }
    }
  >
    <RCTScrollView
      contentContainerStyle={
        Object {
          "flexGrow": 1,
        }
      }
      keyboardShouldPersistTaps="handled"
      nestedScrollEnabled={true}
      style={
        Object {
          "flex": 1,
          "paddingTop": 20,
        }
      }
    >
      <View />
    </RCTScrollView>
  </RCTSafeAreaView>,
]
`;
