// Jest Snapshot v1, https://goo.gl/fbAQLP

exports[`test Input Component should render Input component 1`] = `
<View
  style={
    Object {
      "alignContent": "center",
      "backgroundColor": "#ffffff",
      "flexDirection": "row",
      "justifyContent": "center",
    }
  }
>
  <TextInput
    iconName=""
    placeholder="testing"
    placeholderTextColor="#dddddd"
    style={
      Object {
        "alignSelf": "stretch",
        "backgroundColor": "#ffffff",
        "borderColor": "#f5f5f5",
        "borderRadius": 3,
        "borderWidth": 1,
        "color": "#000000",
        "elevation": 1,
        "flex": 8,
        "marginBottom": 10,
        "padding": 10,
      }
    }
  />
</View>
`;
