// Jest Snapshot v1, https://goo.gl/fbAQLP

exports[`test Input Component should render Input component 1`] = `
<View
  accessible={true}
  collapsable={false}
  focusable={false}
  nativeID="animatedComponent"
  onClick={[Function]}
  onResponderGrant={[Function]}
  onResponderMove={[Function]}
  onResponderRelease={[Function]}
  onResponderTerminate={[Function]}
  onResponderTerminationRequest={[Function]}
  onStartShouldSetResponder={[Function]}
  style={
    Object {
      "backgroundColor": "#ffffff",
      "borderColor": "#dddddd",
      "borderRadius": 20,
      "borderWidth": 1,
      "elevation": 3,
      "margin": 5,
      "opacity": 1,
      "padding": 40,
    }
  }
/>
`;
